
AVRASM ver. 2.1.30  E:\Github\College\Atmega\ATmega Serial Communication\Debug\List\main.asm Mon Sep 23 10:21:57 2019

E:\Github\College\Atmega\ATmega Serial Communication\Debug\List\main.asm(1090): warning: Register r4 already defined by the .DEF directive
E:\Github\College\Atmega\ATmega Serial Communication\Debug\List\main.asm(1091): warning: Register r5 already defined by the .DEF directive
                 
                 
                 ;CodeVisionAVR C Compiler V3.12 Advanced
                 ;(C) Copyright 1998-2014 Pavel Haiduc, HP InfoTech s.r.l.
                 ;http://www.hpinfotech.com
                 
                 ;Build configuration    : Debug
                 ;Chip type              : ATmega162
                 ;Program type           : Application
                 ;Clock frequency        : 12,000000 MHz
                 ;Memory model           : Small
                 ;Optimize for           : Size
                 ;(s)printf features     : int, width
                 ;(s)scanf features      : int, width
                 ;External RAM size      : 0
                 ;Data Stack size        : 256 byte(s)
                 ;Heap size              : 0 byte(s)
                 ;Promote 'char' to 'int': Yes
                 ;'char' is unsigned     : Yes
                 ;8 bit enums            : Yes
                 ;Global 'const' stored in FLASH: Yes
                 ;Enhanced function parameter passing: Yes
                 ;Enhanced core instructions: On
                 ;Automatic register allocation for global variables: On
                 ;Smart register allocation: On
                 
                 	#define _MODEL_SMALL_
                 
                 	#pragma AVRPART ADMIN PART_NAME ATmega162
                 	#pragma AVRPART MEMORY PROG_FLASH 16384
                 	#pragma AVRPART MEMORY EEPROM 512
                 	#pragma AVRPART MEMORY INT_SRAM SIZE 1024
                 	#pragma AVRPART MEMORY INT_SRAM START_ADDR 0x100
                 
                 	#define CALL_SUPPORTED 1
                 
                 	.LISTMAC
                 	.EQU UDRE=0x5
                 	.EQU RXC=0x7
                 	.EQU USR=0xB
                 	.EQU UDR=0xC
                 	.EQU SPSR=0xE
                 	.EQU SPDR=0xF
                 	.EQU EERE=0x0
                 	.EQU EEWE=0x1
                 	.EQU EEMWE=0x2
                 	.EQU EECR=0x1C
                 	.EQU EEDR=0x1D
                 	.EQU EEARL=0x1E
                 	.EQU EEARH=0x1F
                 	.EQU WDTCR=0x21
                 	.EQU MCUCSR=0x34
                 	.EQU MCUCR=0x35
                 	.EQU EMCUCR=0x36
                 	.EQU GICR=0x3B
                 	.EQU SPL=0x3D
                 	.EQU SPH=0x3E
                 	.EQU SREG=0x3F
                 
                 	.DEF R0X0=R0
                 	.DEF R0X1=R1
                 	.DEF R0X2=R2
                 	.DEF R0X3=R3
                 	.DEF R0X4=R4
                 	.DEF R0X5=R5
                 	.DEF R0X6=R6
                 	.DEF R0X7=R7
                 	.DEF R0X8=R8
                 	.DEF R0X9=R9
                 	.DEF R0XA=R10
                 	.DEF R0XB=R11
                 	.DEF R0XC=R12
                 	.DEF R0XD=R13
                 	.DEF R0XE=R14
                 	.DEF R0XF=R15
                 	.DEF R0X10=R16
                 	.DEF R0X11=R17
                 	.DEF R0X12=R18
                 	.DEF R0X13=R19
                 	.DEF R0X14=R20
                 	.DEF R0X15=R21
                 	.DEF R0X16=R22
                 	.DEF R0X17=R23
                 	.DEF R0X18=R24
                 	.DEF R0X19=R25
                 	.DEF R0X1A=R26
                 	.DEF R0X1B=R27
                 	.DEF R0X1C=R28
                 	.DEF R0X1D=R29
                 	.DEF R0X1E=R30
                 	.DEF R0X1F=R31
                 
                 	.EQU __SRAM_START=0x0100
                 	.EQU __SRAM_END=0x04FF
                 	.EQU __DSTACK_SIZE=0x0100
                 	.EQU __HEAP_SIZE=0x0000
                 	.EQU __CLEAR_SRAM_SIZE=__SRAM_END-__SRAM_START+1
                 
                 	.MACRO __CPD1N
                 	CPI  R30,LOW(@0)
                 	LDI  R26,HIGH(@0)
                 	CPC  R31,R26
                 	LDI  R26,BYTE3(@0)
                 	CPC  R22,R26
                 	LDI  R26,BYTE4(@0)
                 	CPC  R23,R26
                 	.ENDM
                 
                 	.MACRO __CPD2N
                 	CPI  R26,LOW(@0)
                 	LDI  R30,HIGH(@0)
                 	CPC  R27,R30
                 	LDI  R30,BYTE3(@0)
                 	CPC  R24,R30
                 	LDI  R30,BYTE4(@0)
                 	CPC  R25,R30
                 	.ENDM
                 
                 	.MACRO __CPWRR
                 	CP   R@0,R@2
                 	CPC  R@1,R@3
                 	.ENDM
                 
                 	.MACRO __CPWRN
                 	CPI  R@0,LOW(@2)
                 	LDI  R30,HIGH(@2)
                 	CPC  R@1,R30
                 	.ENDM
                 
                 	.MACRO __ADDB1MN
                 	SUBI R30,LOW(-@0-(@1))
                 	.ENDM
                 
                 	.MACRO __ADDB2MN
                 	SUBI R26,LOW(-@0-(@1))
                 	.ENDM
                 
                 	.MACRO __ADDW1MN
                 	SUBI R30,LOW(-@0-(@1))
                 	SBCI R31,HIGH(-@0-(@1))
                 	.ENDM
                 
                 	.MACRO __ADDW2MN
                 	SUBI R26,LOW(-@0-(@1))
                 	SBCI R27,HIGH(-@0-(@1))
                 	.ENDM
                 
                 	.MACRO __ADDW1FN
                 	SUBI R30,LOW(-2*@0-(@1))
                 	SBCI R31,HIGH(-2*@0-(@1))
                 	.ENDM
                 
                 	.MACRO __ADDD1FN
                 	SUBI R30,LOW(-2*@0-(@1))
                 	SBCI R31,HIGH(-2*@0-(@1))
                 	SBCI R22,BYTE3(-2*@0-(@1))
                 	.ENDM
                 
                 	.MACRO __ADDD1N
                 	SUBI R30,LOW(-@0)
                 	SBCI R31,HIGH(-@0)
                 	SBCI R22,BYTE3(-@0)
                 	SBCI R23,BYTE4(-@0)
                 	.ENDM
                 
                 	.MACRO __ADDD2N
                 	SUBI R26,LOW(-@0)
                 	SBCI R27,HIGH(-@0)
                 	SBCI R24,BYTE3(-@0)
                 	SBCI R25,BYTE4(-@0)
                 	.ENDM
                 
                 	.MACRO __SUBD1N
                 	SUBI R30,LOW(@0)
                 	SBCI R31,HIGH(@0)
                 	SBCI R22,BYTE3(@0)
                 	SBCI R23,BYTE4(@0)
                 	.ENDM
                 
                 	.MACRO __SUBD2N
                 	SUBI R26,LOW(@0)
                 	SBCI R27,HIGH(@0)
                 	SBCI R24,BYTE3(@0)
                 	SBCI R25,BYTE4(@0)
                 	.ENDM
                 
                 	.MACRO __ANDBMNN
                 	LDS  R30,@0+(@1)
                 	ANDI R30,LOW(@2)
                 	STS  @0+(@1),R30
                 	.ENDM
                 
                 	.MACRO __ANDWMNN
                 	LDS  R30,@0+(@1)
                 	ANDI R30,LOW(@2)
                 	STS  @0+(@1),R30
                 	LDS  R30,@0+(@1)+1
                 	ANDI R30,HIGH(@2)
                 	STS  @0+(@1)+1,R30
                 	.ENDM
                 
                 	.MACRO __ANDD1N
                 	ANDI R30,LOW(@0)
                 	ANDI R31,HIGH(@0)
                 	ANDI R22,BYTE3(@0)
                 	ANDI R23,BYTE4(@0)
                 	.ENDM
                 
                 	.MACRO __ANDD2N
                 	ANDI R26,LOW(@0)
                 	ANDI R27,HIGH(@0)
                 	ANDI R24,BYTE3(@0)
                 	ANDI R25,BYTE4(@0)
                 	.ENDM
                 
                 	.MACRO __ORBMNN
                 	LDS  R30,@0+(@1)
                 	ORI  R30,LOW(@2)
                 	STS  @0+(@1),R30
                 	.ENDM
                 
                 	.MACRO __ORWMNN
                 	LDS  R30,@0+(@1)
                 	ORI  R30,LOW(@2)
                 	STS  @0+(@1),R30
                 	LDS  R30,@0+(@1)+1
                 	ORI  R30,HIGH(@2)
                 	STS  @0+(@1)+1,R30
                 	.ENDM
                 
                 	.MACRO __ORD1N
                 	ORI  R30,LOW(@0)
                 	ORI  R31,HIGH(@0)
                 	ORI  R22,BYTE3(@0)
                 	ORI  R23,BYTE4(@0)
                 	.ENDM
                 
                 	.MACRO __ORD2N
                 	ORI  R26,LOW(@0)
                 	ORI  R27,HIGH(@0)
                 	ORI  R24,BYTE3(@0)
                 	ORI  R25,BYTE4(@0)
                 	.ENDM
                 
                 	.MACRO __DELAY_USB
                 	LDI  R24,LOW(@0)
                 __DELAY_USB_LOOP:
                 	DEC  R24
                 	BRNE __DELAY_USB_LOOP
                 	.ENDM
                 
                 	.MACRO __DELAY_USW
                 	LDI  R24,LOW(@0)
                 	LDI  R25,HIGH(@0)
                 __DELAY_USW_LOOP:
                 	SBIW R24,1
                 	BRNE __DELAY_USW_LOOP
                 	.ENDM
                 
                 	.MACRO __GETD1S
                 	LDD  R30,Y+@0
                 	LDD  R31,Y+@0+1
                 	LDD  R22,Y+@0+2
                 	LDD  R23,Y+@0+3
                 	.ENDM
                 
                 	.MACRO __GETD2S
                 	LDD  R26,Y+@0
                 	LDD  R27,Y+@0+1
                 	LDD  R24,Y+@0+2
                 	LDD  R25,Y+@0+3
                 	.ENDM
                 
                 	.MACRO __PUTD1S
                 	STD  Y+@0,R30
                 	STD  Y+@0+1,R31
                 	STD  Y+@0+2,R22
                 	STD  Y+@0+3,R23
                 	.ENDM
                 
                 	.MACRO __PUTD2S
                 	STD  Y+@0,R26
                 	STD  Y+@0+1,R27
                 	STD  Y+@0+2,R24
                 	STD  Y+@0+3,R25
                 	.ENDM
                 
                 	.MACRO __PUTDZ2
                 	STD  Z+@0,R26
                 	STD  Z+@0+1,R27
                 	STD  Z+@0+2,R24
                 	STD  Z+@0+3,R25
                 	.ENDM
                 
                 	.MACRO __CLRD1S
                 	STD  Y+@0,R30
                 	STD  Y+@0+1,R30
                 	STD  Y+@0+2,R30
                 	STD  Y+@0+3,R30
                 	.ENDM
                 
                 	.MACRO __POINTB1MN
                 	LDI  R30,LOW(@0+(@1))
                 	.ENDM
                 
                 	.MACRO __POINTW1MN
                 	LDI  R30,LOW(@0+(@1))
                 	LDI  R31,HIGH(@0+(@1))
                 	.ENDM
                 
                 	.MACRO __POINTD1M
                 	LDI  R30,LOW(@0)
                 	LDI  R31,HIGH(@0)
                 	LDI  R22,BYTE3(@0)
                 	LDI  R23,BYTE4(@0)
                 	.ENDM
                 
                 	.MACRO __POINTW1FN
                 	LDI  R30,LOW(2*@0+(@1))
                 	LDI  R31,HIGH(2*@0+(@1))
                 	.ENDM
                 
                 	.MACRO __POINTD1FN
                 	LDI  R30,LOW(2*@0+(@1))
                 	LDI  R31,HIGH(2*@0+(@1))
                 	LDI  R22,BYTE3(2*@0+(@1))
                 	LDI  R23,BYTE4(2*@0+(@1))
                 	.ENDM
                 
                 	.MACRO __POINTB2MN
                 	LDI  R26,LOW(@0+(@1))
                 	.ENDM
                 
                 	.MACRO __POINTW2MN
                 	LDI  R26,LOW(@0+(@1))
                 	LDI  R27,HIGH(@0+(@1))
                 	.ENDM
                 
                 	.MACRO __POINTW2FN
                 	LDI  R26,LOW(2*@0+(@1))
                 	LDI  R27,HIGH(2*@0+(@1))
                 	.ENDM
                 
                 	.MACRO __POINTD2FN
                 	LDI  R26,LOW(2*@0+(@1))
                 	LDI  R27,HIGH(2*@0+(@1))
                 	LDI  R24,BYTE3(2*@0+(@1))
                 	LDI  R25,BYTE4(2*@0+(@1))
                 	.ENDM
                 
                 	.MACRO __POINTBRM
                 	LDI  R@0,LOW(@1)
                 	.ENDM
                 
                 	.MACRO __POINTWRM
                 	LDI  R@0,LOW(@2)
                 	LDI  R@1,HIGH(@2)
                 	.ENDM
                 
                 	.MACRO __POINTBRMN
                 	LDI  R@0,LOW(@1+(@2))
                 	.ENDM
                 
                 	.MACRO __POINTWRMN
                 	LDI  R@0,LOW(@2+(@3))
                 	LDI  R@1,HIGH(@2+(@3))
                 	.ENDM
                 
                 	.MACRO __POINTWRFN
                 	LDI  R@0,LOW(@2*2+(@3))
                 	LDI  R@1,HIGH(@2*2+(@3))
                 	.ENDM
                 
                 	.MACRO __GETD1N
                 	LDI  R30,LOW(@0)
                 	LDI  R31,HIGH(@0)
                 	LDI  R22,BYTE3(@0)
                 	LDI  R23,BYTE4(@0)
                 	.ENDM
                 
                 	.MACRO __GETD2N
                 	LDI  R26,LOW(@0)
                 	LDI  R27,HIGH(@0)
                 	LDI  R24,BYTE3(@0)
                 	LDI  R25,BYTE4(@0)
                 	.ENDM
                 
                 	.MACRO __GETB1MN
                 	LDS  R30,@0+(@1)
                 	.ENDM
                 
                 	.MACRO __GETB1HMN
                 	LDS  R31,@0+(@1)
                 	.ENDM
                 
                 	.MACRO __GETW1MN
                 	LDS  R30,@0+(@1)
                 	LDS  R31,@0+(@1)+1
                 	.ENDM
                 
                 	.MACRO __GETD1MN
                 	LDS  R30,@0+(@1)
                 	LDS  R31,@0+(@1)+1
                 	LDS  R22,@0+(@1)+2
                 	LDS  R23,@0+(@1)+3
                 	.ENDM
                 
                 	.MACRO __GETBRMN
                 	LDS  R@0,@1+(@2)
                 	.ENDM
                 
                 	.MACRO __GETWRMN
                 	LDS  R@0,@2+(@3)
                 	LDS  R@1,@2+(@3)+1
                 	.ENDM
                 
                 	.MACRO __GETWRZ
                 	LDD  R@0,Z+@2
                 	LDD  R@1,Z+@2+1
                 	.ENDM
                 
                 	.MACRO __GETD2Z
                 	LDD  R26,Z+@0
                 	LDD  R27,Z+@0+1
                 	LDD  R24,Z+@0+2
                 	LDD  R25,Z+@0+3
                 	.ENDM
                 
                 	.MACRO __GETB2MN
                 	LDS  R26,@0+(@1)
                 	.ENDM
                 
                 	.MACRO __GETW2MN
                 	LDS  R26,@0+(@1)
                 	LDS  R27,@0+(@1)+1
                 	.ENDM
                 
                 	.MACRO __GETD2MN
                 	LDS  R26,@0+(@1)
                 	LDS  R27,@0+(@1)+1
                 	LDS  R24,@0+(@1)+2
                 	LDS  R25,@0+(@1)+3
                 	.ENDM
                 
                 	.MACRO __PUTB1MN
                 	STS  @0+(@1),R30
                 	.ENDM
                 
                 	.MACRO __PUTW1MN
                 	STS  @0+(@1),R30
                 	STS  @0+(@1)+1,R31
                 	.ENDM
                 
                 	.MACRO __PUTD1MN
                 	STS  @0+(@1),R30
                 	STS  @0+(@1)+1,R31
                 	STS  @0+(@1)+2,R22
                 	STS  @0+(@1)+3,R23
                 	.ENDM
                 
                 	.MACRO __PUTB1EN
                 	LDI  R26,LOW(@0+(@1))
                 	LDI  R27,HIGH(@0+(@1))
                 	CALL __EEPROMWRB
                 	.ENDM
                 
                 	.MACRO __PUTW1EN
                 	LDI  R26,LOW(@0+(@1))
                 	LDI  R27,HIGH(@0+(@1))
                 	CALL __EEPROMWRW
                 	.ENDM
                 
                 	.MACRO __PUTD1EN
                 	LDI  R26,LOW(@0+(@1))
                 	LDI  R27,HIGH(@0+(@1))
                 	CALL __EEPROMWRD
                 	.ENDM
                 
                 	.MACRO __PUTBR0MN
                 	STS  @0+(@1),R0
                 	.ENDM
                 
                 	.MACRO __PUTBMRN
                 	STS  @0+(@1),R@2
                 	.ENDM
                 
                 	.MACRO __PUTWMRN
                 	STS  @0+(@1),R@2
                 	STS  @0+(@1)+1,R@3
                 	.ENDM
                 
                 	.MACRO __PUTBZR
                 	STD  Z+@1,R@0
                 	.ENDM
                 
                 	.MACRO __PUTWZR
                 	STD  Z+@2,R@0
                 	STD  Z+@2+1,R@1
                 	.ENDM
                 
                 	.MACRO __GETW1R
                 	MOV  R30,R@0
                 	MOV  R31,R@1
                 	.ENDM
                 
                 	.MACRO __GETW2R
                 	MOV  R26,R@0
                 	MOV  R27,R@1
                 	.ENDM
                 
                 	.MACRO __GETWRN
                 	LDI  R@0,LOW(@2)
                 	LDI  R@1,HIGH(@2)
                 	.ENDM
                 
                 	.MACRO __PUTW1R
                 	MOV  R@0,R30
                 	MOV  R@1,R31
                 	.ENDM
                 
                 	.MACRO __PUTW2R
                 	MOV  R@0,R26
                 	MOV  R@1,R27
                 	.ENDM
                 
                 	.MACRO __ADDWRN
                 	SUBI R@0,LOW(-@2)
                 	SBCI R@1,HIGH(-@2)
                 	.ENDM
                 
                 	.MACRO __ADDWRR
                 	ADD  R@0,R@2
                 	ADC  R@1,R@3
                 	.ENDM
                 
                 	.MACRO __SUBWRN
                 	SUBI R@0,LOW(@2)
                 	SBCI R@1,HIGH(@2)
                 	.ENDM
                 
                 	.MACRO __SUBWRR
                 	SUB  R@0,R@2
                 	SBC  R@1,R@3
                 	.ENDM
                 
                 	.MACRO __ANDWRN
                 	ANDI R@0,LOW(@2)
                 	ANDI R@1,HIGH(@2)
                 	.ENDM
                 
                 	.MACRO __ANDWRR
                 	AND  R@0,R@2
                 	AND  R@1,R@3
                 	.ENDM
                 
                 	.MACRO __ORWRN
                 	ORI  R@0,LOW(@2)
                 	ORI  R@1,HIGH(@2)
                 	.ENDM
                 
                 	.MACRO __ORWRR
                 	OR   R@0,R@2
                 	OR   R@1,R@3
                 	.ENDM
                 
                 	.MACRO __EORWRR
                 	EOR  R@0,R@2
                 	EOR  R@1,R@3
                 	.ENDM
                 
                 	.MACRO __GETWRS
                 	LDD  R@0,Y+@2
                 	LDD  R@1,Y+@2+1
                 	.ENDM
                 
                 	.MACRO __PUTBSR
                 	STD  Y+@1,R@0
                 	.ENDM
                 
                 	.MACRO __PUTWSR
                 	STD  Y+@2,R@0
                 	STD  Y+@2+1,R@1
                 	.ENDM
                 
                 	.MACRO __MOVEWRR
                 	MOV  R@0,R@2
                 	MOV  R@1,R@3
                 	.ENDM
                 
                 	.MACRO __INWR
                 	IN   R@0,@2
                 	IN   R@1,@2+1
                 	.ENDM
                 
                 	.MACRO __OUTWR
                 	OUT  @2+1,R@1
                 	OUT  @2,R@0
                 	.ENDM
                 
                 	.MACRO __CALL1MN
                 	LDS  R30,@0+(@1)
                 	LDS  R31,@0+(@1)+1
                 	ICALL
                 	.ENDM
                 
                 	.MACRO __CALL1FN
                 	LDI  R30,LOW(2*@0+(@1))
                 	LDI  R31,HIGH(2*@0+(@1))
                 	CALL __GETW1PF
                 	ICALL
                 	.ENDM
                 
                 	.MACRO __CALL2EN
                 	PUSH R26
                 	PUSH R27
                 	LDI  R26,LOW(@0+(@1))
                 	LDI  R27,HIGH(@0+(@1))
                 	CALL __EEPROMRDW
                 	POP  R27
                 	POP  R26
                 	ICALL
                 	.ENDM
                 
                 	.MACRO __CALL2EX
                 	SUBI R26,LOW(-@0)
                 	SBCI R27,HIGH(-@0)
                 	CALL __EEPROMRDD
                 	ICALL
                 	.ENDM
                 
                 	.MACRO __GETW1STACK
                 	IN   R30,SPL
                 	IN   R31,SPH
                 	ADIW R30,@0+1
                 	LD   R0,Z+
                 	LD   R31,Z
                 	MOV  R30,R0
                 	.ENDM
                 
                 	.MACRO __GETD1STACK
                 	IN   R30,SPL
                 	IN   R31,SPH
                 	ADIW R30,@0+1
                 	LD   R0,Z+
                 	LD   R1,Z+
                 	LD   R22,Z
                 	MOVW R30,R0
                 	.ENDM
                 
                 	.MACRO __NBST
                 	BST  R@0,@1
                 	IN   R30,SREG
                 	LDI  R31,0x40
                 	EOR  R30,R31
                 	OUT  SREG,R30
                 	.ENDM
                 
                 
                 	.MACRO __PUTB1SN
                 	LDD  R26,Y+@0
                 	LDD  R27,Y+@0+1
                 	SUBI R26,LOW(-@1)
                 	SBCI R27,HIGH(-@1)
                 	ST   X,R30
                 	.ENDM
                 
                 	.MACRO __PUTW1SN
                 	LDD  R26,Y+@0
                 	LDD  R27,Y+@0+1
                 	SUBI R26,LOW(-@1)
                 	SBCI R27,HIGH(-@1)
                 	ST   X+,R30
                 	ST   X,R31
                 	.ENDM
                 
                 	.MACRO __PUTD1SN
                 	LDD  R26,Y+@0
                 	LDD  R27,Y+@0+1
                 	SUBI R26,LOW(-@1)
                 	SBCI R27,HIGH(-@1)
                 	CALL __PUTDP1
                 	.ENDM
                 
                 	.MACRO __PUTB1SNS
                 	LDD  R26,Y+@0
                 	LDD  R27,Y+@0+1
                 	ADIW R26,@1
                 	ST   X,R30
                 	.ENDM
                 
                 	.MACRO __PUTW1SNS
                 	LDD  R26,Y+@0
                 	LDD  R27,Y+@0+1
                 	ADIW R26,@1
                 	ST   X+,R30
                 	ST   X,R31
                 	.ENDM
                 
                 	.MACRO __PUTD1SNS
                 	LDD  R26,Y+@0
                 	LDD  R27,Y+@0+1
                 	ADIW R26,@1
                 	CALL __PUTDP1
                 	.ENDM
                 
                 	.MACRO __PUTB1PMN
                 	LDS  R26,@0
                 	LDS  R27,@0+1
                 	SUBI R26,LOW(-@1)
                 	SBCI R27,HIGH(-@1)
                 	ST   X,R30
                 	.ENDM
                 
                 	.MACRO __PUTW1PMN
                 	LDS  R26,@0
                 	LDS  R27,@0+1
                 	SUBI R26,LOW(-@1)
                 	SBCI R27,HIGH(-@1)
                 	ST   X+,R30
                 	ST   X,R31
                 	.ENDM
                 
                 	.MACRO __PUTD1PMN
                 	LDS  R26,@0
                 	LDS  R27,@0+1
                 	SUBI R26,LOW(-@1)
                 	SBCI R27,HIGH(-@1)
                 	CALL __PUTDP1
                 	.ENDM
                 
                 	.MACRO __PUTB1PMNS
                 	LDS  R26,@0
                 	LDS  R27,@0+1
                 	ADIW R26,@1
                 	ST   X,R30
                 	.ENDM
                 
                 	.MACRO __PUTW1PMNS
                 	LDS  R26,@0
                 	LDS  R27,@0+1
                 	ADIW R26,@1
                 	ST   X+,R30
                 	ST   X,R31
                 	.ENDM
                 
                 	.MACRO __PUTD1PMNS
                 	LDS  R26,@0
                 	LDS  R27,@0+1
                 	ADIW R26,@1
                 	CALL __PUTDP1
                 	.ENDM
                 
                 	.MACRO __PUTB1RN
                 	MOVW R26,R@0
                 	SUBI R26,LOW(-@1)
                 	SBCI R27,HIGH(-@1)
                 	ST   X,R30
                 	.ENDM
                 
                 	.MACRO __PUTW1RN
                 	MOVW R26,R@0
                 	SUBI R26,LOW(-@1)
                 	SBCI R27,HIGH(-@1)
                 	ST   X+,R30
                 	ST   X,R31
                 	.ENDM
                 
                 	.MACRO __PUTD1RN
                 	MOVW R26,R@0
                 	SUBI R26,LOW(-@1)
                 	SBCI R27,HIGH(-@1)
                 	CALL __PUTDP1
                 	.ENDM
                 
                 	.MACRO __PUTB1RNS
                 	MOVW R26,R@0
                 	ADIW R26,@1
                 	ST   X,R30
                 	.ENDM
                 
                 	.MACRO __PUTW1RNS
                 	MOVW R26,R@0
                 	ADIW R26,@1
                 	ST   X+,R30
                 	ST   X,R31
                 	.ENDM
                 
                 	.MACRO __PUTD1RNS
                 	MOVW R26,R@0
                 	ADIW R26,@1
                 	CALL __PUTDP1
                 	.ENDM
                 
                 	.MACRO __PUTB1RON
                 	MOV  R26,R@0
                 	MOV  R27,R@1
                 	SUBI R26,LOW(-@2)
                 	SBCI R27,HIGH(-@2)
                 	ST   X,R30
                 	.ENDM
                 
                 	.MACRO __PUTW1RON
                 	MOV  R26,R@0
                 	MOV  R27,R@1
                 	SUBI R26,LOW(-@2)
                 	SBCI R27,HIGH(-@2)
                 	ST   X+,R30
                 	ST   X,R31
                 	.ENDM
                 
                 	.MACRO __PUTD1RON
                 	MOV  R26,R@0
                 	MOV  R27,R@1
                 	SUBI R26,LOW(-@2)
                 	SBCI R27,HIGH(-@2)
                 	CALL __PUTDP1
                 	.ENDM
                 
                 	.MACRO __PUTB1RONS
                 	MOV  R26,R@0
                 	MOV  R27,R@1
                 	ADIW R26,@2
                 	ST   X,R30
                 	.ENDM
                 
                 	.MACRO __PUTW1RONS
                 	MOV  R26,R@0
                 	MOV  R27,R@1
                 	ADIW R26,@2
                 	ST   X+,R30
                 	ST   X,R31
                 	.ENDM
                 
                 	.MACRO __PUTD1RONS
                 	MOV  R26,R@0
                 	MOV  R27,R@1
                 	ADIW R26,@2
                 	CALL __PUTDP1
                 	.ENDM
                 
                 
                 	.MACRO __GETB1SX
                 	MOVW R30,R28
                 	SUBI R30,LOW(-@0)
                 	SBCI R31,HIGH(-@0)
                 	LD   R30,Z
                 	.ENDM
                 
                 	.MACRO __GETB1HSX
                 	MOVW R30,R28
                 	SUBI R30,LOW(-@0)
                 	SBCI R31,HIGH(-@0)
                 	LD   R31,Z
                 	.ENDM
                 
                 	.MACRO __GETW1SX
                 	MOVW R30,R28
                 	SUBI R30,LOW(-@0)
                 	SBCI R31,HIGH(-@0)
                 	LD   R0,Z+
                 	LD   R31,Z
                 	MOV  R30,R0
                 	.ENDM
                 
                 	.MACRO __GETD1SX
                 	MOVW R30,R28
                 	SUBI R30,LOW(-@0)
                 	SBCI R31,HIGH(-@0)
                 	LD   R0,Z+
                 	LD   R1,Z+
                 	LD   R22,Z+
                 	LD   R23,Z
                 	MOVW R30,R0
                 	.ENDM
                 
                 	.MACRO __GETB2SX
                 	MOVW R26,R28
                 	SUBI R26,LOW(-@0)
                 	SBCI R27,HIGH(-@0)
                 	LD   R26,X
                 	.ENDM
                 
                 	.MACRO __GETW2SX
                 	MOVW R26,R28
                 	SUBI R26,LOW(-@0)
                 	SBCI R27,HIGH(-@0)
                 	LD   R0,X+
                 	LD   R27,X
                 	MOV  R26,R0
                 	.ENDM
                 
                 	.MACRO __GETD2SX
                 	MOVW R26,R28
                 	SUBI R26,LOW(-@0)
                 	SBCI R27,HIGH(-@0)
                 	LD   R0,X+
                 	LD   R1,X+
                 	LD   R24,X+
                 	LD   R25,X
                 	MOVW R26,R0
                 	.ENDM
                 
                 	.MACRO __GETBRSX
                 	MOVW R30,R28
                 	SUBI R30,LOW(-@1)
                 	SBCI R31,HIGH(-@1)
                 	LD   R@0,Z
                 	.ENDM
                 
                 	.MACRO __GETWRSX
                 	MOVW R30,R28
                 	SUBI R30,LOW(-@2)
                 	SBCI R31,HIGH(-@2)
                 	LD   R@0,Z+
                 	LD   R@1,Z
                 	.ENDM
                 
                 	.MACRO __GETBRSX2
                 	MOVW R26,R28
                 	SUBI R26,LOW(-@1)
                 	SBCI R27,HIGH(-@1)
                 	LD   R@0,X
                 	.ENDM
                 
                 	.MACRO __GETWRSX2
                 	MOVW R26,R28
                 	SUBI R26,LOW(-@2)
                 	SBCI R27,HIGH(-@2)
                 	LD   R@0,X+
                 	LD   R@1,X
                 	.ENDM
                 
                 	.MACRO __LSLW8SX
                 	MOVW R30,R28
                 	SUBI R30,LOW(-@0)
                 	SBCI R31,HIGH(-@0)
                 	LD   R31,Z
                 	CLR  R30
                 	.ENDM
                 
                 	.MACRO __PUTB1SX
                 	MOVW R26,R28
                 	SUBI R26,LOW(-@0)
                 	SBCI R27,HIGH(-@0)
                 	ST   X,R30
                 	.ENDM
                 
                 	.MACRO __PUTW1SX
                 	MOVW R26,R28
                 	SUBI R26,LOW(-@0)
                 	SBCI R27,HIGH(-@0)
                 	ST   X+,R30
                 	ST   X,R31
                 	.ENDM
                 
                 	.MACRO __PUTD1SX
                 	MOVW R26,R28
                 	SUBI R26,LOW(-@0)
                 	SBCI R27,HIGH(-@0)
                 	ST   X+,R30
                 	ST   X+,R31
                 	ST   X+,R22
                 	ST   X,R23
                 	.ENDM
                 
                 	.MACRO __CLRW1SX
                 	MOVW R26,R28
                 	SUBI R26,LOW(-@0)
                 	SBCI R27,HIGH(-@0)
                 	ST   X+,R30
                 	ST   X,R30
                 	.ENDM
                 
                 	.MACRO __CLRD1SX
                 	MOVW R26,R28
                 	SUBI R26,LOW(-@0)
                 	SBCI R27,HIGH(-@0)
                 	ST   X+,R30
                 	ST   X+,R30
                 	ST   X+,R30
                 	ST   X,R30
                 	.ENDM
                 
                 	.MACRO __PUTB2SX
                 	MOVW R30,R28
                 	SUBI R30,LOW(-@0)
                 	SBCI R31,HIGH(-@0)
                 	ST   Z,R26
                 	.ENDM
                 
                 	.MACRO __PUTW2SX
                 	MOVW R30,R28
                 	SUBI R30,LOW(-@0)
                 	SBCI R31,HIGH(-@0)
                 	ST   Z+,R26
                 	ST   Z,R27
                 	.ENDM
                 
                 	.MACRO __PUTD2SX
                 	MOVW R30,R28
                 	SUBI R30,LOW(-@0)
                 	SBCI R31,HIGH(-@0)
                 	ST   Z+,R26
                 	ST   Z+,R27
                 	ST   Z+,R24
                 	ST   Z,R25
                 	.ENDM
                 
                 	.MACRO __PUTBSRX
                 	MOVW R30,R28
                 	SUBI R30,LOW(-@1)
                 	SBCI R31,HIGH(-@1)
                 	ST   Z,R@0
                 	.ENDM
                 
                 	.MACRO __PUTWSRX
                 	MOVW R30,R28
                 	SUBI R30,LOW(-@2)
                 	SBCI R31,HIGH(-@2)
                 	ST   Z+,R@0
                 	ST   Z,R@1
                 	.ENDM
                 
                 	.MACRO __PUTB1SNX
                 	MOVW R26,R28
                 	SUBI R26,LOW(-@0)
                 	SBCI R27,HIGH(-@0)
                 	LD   R0,X+
                 	LD   R27,X
                 	MOV  R26,R0
                 	SUBI R26,LOW(-@1)
                 	SBCI R27,HIGH(-@1)
                 	ST   X,R30
                 	.ENDM
                 
                 	.MACRO __PUTW1SNX
                 	MOVW R26,R28
                 	SUBI R26,LOW(-@0)
                 	SBCI R27,HIGH(-@0)
                 	LD   R0,X+
                 	LD   R27,X
                 	MOV  R26,R0
                 	SUBI R26,LOW(-@1)
                 	SBCI R27,HIGH(-@1)
                 	ST   X+,R30
                 	ST   X,R31
                 	.ENDM
                 
                 	.MACRO __PUTD1SNX
                 	MOVW R26,R28
                 	SUBI R26,LOW(-@0)
                 	SBCI R27,HIGH(-@0)
                 	LD   R0,X+
                 	LD   R27,X
                 	MOV  R26,R0
                 	SUBI R26,LOW(-@1)
                 	SBCI R27,HIGH(-@1)
                 	ST   X+,R30
                 	ST   X+,R31
                 	ST   X+,R22
                 	ST   X,R23
                 	.ENDM
                 
                 	.MACRO __MULBRR
                 	MULS R@0,R@1
                 	MOVW R30,R0
                 	.ENDM
                 
                 	.MACRO __MULBRRU
                 	MUL  R@0,R@1
                 	MOVW R30,R0
                 	.ENDM
                 
                 	.MACRO __MULBRR0
                 	MULS R@0,R@1
                 	.ENDM
                 
                 	.MACRO __MULBRRU0
                 	MUL  R@0,R@1
                 	.ENDM
                 
                 	.MACRO __MULBNWRU
                 	LDI  R26,@2
                 	MUL  R26,R@0
                 	MOVW R30,R0
                 	MUL  R26,R@1
                 	ADD  R31,R0
                 	.ENDM
                 
                 ;NAME DEFINITIONS FOR GLOBAL VARIABLES ALLOCATED TO REGISTERS
                 	.DEF _i=R4
                 	.DEF _i_msb=R5
                 
                 	.CSEG
                 	.ORG 0x00
                 
                 ;START OF CODE MARKER
                 __START_OF_CODE:
                 
                 ;INTERRUPT VECTORS
000000 940c 004d 	JMP  __RESET
000002 940c 0000 	JMP  0x00
000004 940c 0000 	JMP  0x00
000006 940c 0000 	JMP  0x00
000008 940c 0000 	JMP  0x00
00000a 940c 0000 	JMP  0x00
00000c 940c 0000 	JMP  0x00
00000e 940c 0000 	JMP  0x00
000010 940c 0000 	JMP  0x00
000012 940c 0000 	JMP  0x00
000014 940c 0000 	JMP  0x00
000016 940c 0000 	JMP  0x00
000018 940c 0000 	JMP  0x00
00001a 940c 0000 	JMP  0x00
00001c 940c 0000 	JMP  0x00
00001e 940c 0000 	JMP  0x00
000020 940c 0000 	JMP  0x00
000022 940c 0000 	JMP  0x00
000024 940c 0000 	JMP  0x00
000026 940c 0000 	JMP  0x00
000028 940c 0000 	JMP  0x00
00002a 940c 0000 	JMP  0x00
00002c 940c 0000 	JMP  0x00
00002e 940c 0000 	JMP  0x00
000030 940c 0000 	JMP  0x00
000032 940c 0000 	JMP  0x00
000034 940c 0000 	JMP  0x00
000036 940c 0000 	JMP  0x00
                 
                 _tbl10_G100:
000038 2710
000039 03e8
00003a 0064
00003b 000a      	.DB  0x10,0x27,0xE8,0x3,0x64,0x0,0xA,0x0
00003c 0001      	.DB  0x1,0x0
                 _tbl16_G100:
00003d 1000
00003e 0100
00003f 0010
000040 0001      	.DB  0x0,0x10,0x0,0x1,0x10,0x0,0x1,0x0
                 
                 _0x0:
000041 6425
000042 000a      	.DB  0x25,0x64,0xA,0x0
                 _0x2020060:
E:\Github\College\Atmega\ATmega Serial Communication\Debug\List\main.asm(1138): warning: .cseg .db misalignment - padding zero byte
000043 0001      	.DB  0x1
                 _0x2020000:
000044 4e2d
000045 4e41
000046 4900
000047 464e      	.DB  0x2D,0x4E,0x41,0x4E,0x0,0x49,0x4E,0x46
E:\Github\College\Atmega\ATmega Serial Communication\Debug\List\main.asm(1141): warning: .cseg .db misalignment - padding zero byte
000048 0000      	.DB  0x0
                 
                 __GLOBAL_INI_TBL:
000049 0001      	.DW  0x01
00004a 0200      	.DW  __seed_G101
00004b 0086      	.DW  _0x2020060*2
                 
                 _0xFFFFFFFF:
00004c 0000      	.DW  0
                 
                 #define __GLOBAL_INI_TBL_PRESENT 1
                 
                 __RESET:
00004d 94f8      	CLI
00004e 27ee      	CLR  R30
00004f bbec      	OUT  EECR,R30
                 
                 ;INTERRUPT VECTORS ARE PLACED
                 ;AT THE START OF FLASH
000050 e0f1      	LDI  R31,1
000051 bffb      	OUT  GICR,R31
000052 bfeb      	OUT  GICR,R30
000053 bfe5      	OUT  MCUCR,R30
000054 bfe6      	OUT  EMCUCR,R30
                 
                 ;CLEAR R2-R14
000055 e08d      	LDI  R24,(14-2)+1
000056 e0a2      	LDI  R26,2
000057 27bb      	CLR  R27
                 __CLEAR_REG:
000058 93ed      	ST   X+,R30
000059 958a      	DEC  R24
00005a f7e9      	BRNE __CLEAR_REG
                 
                 ;CLEAR SRAM
00005b e080      	LDI  R24,LOW(__CLEAR_SRAM_SIZE)
00005c e094      	LDI  R25,HIGH(__CLEAR_SRAM_SIZE)
00005d e0a0      	LDI  R26,LOW(__SRAM_START)
00005e e0b1      	LDI  R27,HIGH(__SRAM_START)
                 __CLEAR_SRAM:
00005f 93ed      	ST   X+,R30
000060 9701      	SBIW R24,1
000061 f7e9      	BRNE __CLEAR_SRAM
                 
                 ;GLOBAL VARIABLES INITIALIZATION
000062 e9e2      	LDI  R30,LOW(__GLOBAL_INI_TBL*2)
000063 e0f0      	LDI  R31,HIGH(__GLOBAL_INI_TBL*2)
                 __GLOBAL_INI_NEXT:
000064 9185      	LPM  R24,Z+
000065 9195      	LPM  R25,Z+
000066 9700      	SBIW R24,0
000067 f061      	BREQ __GLOBAL_INI_END
000068 91a5      	LPM  R26,Z+
000069 91b5      	LPM  R27,Z+
00006a 9005      	LPM  R0,Z+
00006b 9015      	LPM  R1,Z+
00006c 01bf      	MOVW R22,R30
00006d 01f0      	MOVW R30,R0
                 __GLOBAL_INI_LOOP:
00006e 9005      	LPM  R0,Z+
00006f 920d      	ST   X+,R0
000070 9701      	SBIW R24,1
000071 f7e1      	BRNE __GLOBAL_INI_LOOP
000072 01fb      	MOVW R30,R22
000073 cff0      	RJMP __GLOBAL_INI_NEXT
                 __GLOBAL_INI_END:
                 
                 ;HARDWARE STACK POINTER INITIALIZATION
000074 efef      	LDI  R30,LOW(__SRAM_END-__HEAP_SIZE)
000075 bfed      	OUT  SPL,R30
000076 e0e4      	LDI  R30,HIGH(__SRAM_END-__HEAP_SIZE)
000077 bfee      	OUT  SPH,R30
                 
                 ;DATA STACK POINTER INITIALIZATION
000078 e0c0      	LDI  R28,LOW(__SRAM_START+__DSTACK_SIZE)
000079 e0d2      	LDI  R29,HIGH(__SRAM_START+__DSTACK_SIZE)
                 
00007a 940c 007c 	JMP  _main
                 
                 	.ESEG
                 	.ORG 0
                 
                 	.DSEG
                 	.ORG 0x200
                 
                 	.CSEG
                 ;/*******************************************************
                 ;This program was created by the
                 ;CodeWizardAVR V3.12 Advanced
                 ;Automatic Program Generator
                 ;© Copyright 1998-2014 Pavel Haiduc, HP InfoTech s.r.l.
                 ;http://www.hpinfotech.com
                 ;
                 ;Project : ATmega Serial Communication
                 ;Version : 1
                 ;Date    : 19/09/2019
                 ;Author  : Rama Setyawan
                 ;Company : Electronic Engineering Polytechnic Institute of Surabaya
                 ;Comments:
                 ;ATmega162 Serial Communication
                 ;12MHz Clock
                 ;Count up/down with button
                 ;
                 ;
                 ;Chip type               : ATmega162
                 ;Program type            : Application
                 ;AVR Core Clock frequency: 12,000000 MHz
                 ;Memory model            : Small
                 ;External RAM size       : 0
                 ;Data Stack size         : 256
                 ;*******************************************************/
                 ;
                 ;#include <mega162.h>
                 	#ifndef __SLEEP_DEFINED__
                 	#define __SLEEP_DEFINED__
                 	.EQU __se_bit=0x20
                 	.SET power_ctrl_reg=mcucr
                 	#endif
                 ;
                 ;// Declare your global variables here
                 ;int i;
                 ;// Standard Input/Output functions
                 ;#include <stdio.h>
                 ;#include <stdlib.h>
                 ;#include <string.h>
                 ;#include <delay.h>
                 ;
                 ;void main(void)
                 ; 0000 0026 {
                 
                 	.CSEG
                 _main:
                 ; .FSTART _main
                 ; 0000 0027 // Declare your local variables here
                 ; 0000 0028 
                 ; 0000 0029 // Crystal Oscillator division factor: 1
                 ; 0000 002A #pragma optsize-
                 ; 0000 002B CLKPR=(1<<CLKPCE);
00007c e8e0      	LDI  R30,LOW(128)
00007d 93e0 0061 	STS  97,R30
                 ; 0000 002C CLKPR=(0<<CLKPCE) | (0<<CLKPS3) | (0<<CLKPS2) | (0<<CLKPS1) | (0<<CLKPS0);
00007f e0e0      	LDI  R30,LOW(0)
000080 93e0 0061 	STS  97,R30
                 ; 0000 002D #ifdef _OPTIMIZE_SIZE_
                 ; 0000 002E #pragma optsize+
                 ; 0000 002F #endif
                 ; 0000 0030 
                 ; 0000 0031 // Input/Output Ports initialization
                 ; 0000 0032 // Port A initialization
                 ; 0000 0033 // Function: Bit7=In Bit6=In Bit5=In Bit4=In Bit3=In Bit2=In Bit1=In Bit0=In
                 ; 0000 0034 DDRA=(0<<DDA7) | (0<<DDA6) | (0<<DDA5) | (0<<DDA4) | (0<<DDA3) | (0<<DDA2) | (0<<DDA1) | (0<<DDA0);
000082 bbea      	OUT  0x1A,R30
                 ; 0000 0035 // State: Bit7=T Bit6=T Bit5=T Bit4=T Bit3=T Bit2=T Bit1=T Bit0=T
                 ; 0000 0036 PORTA=(0<<PORTA7) | (0<<PORTA6) | (0<<PORTA5) | (0<<PORTA4) | (0<<PORTA3) | (0<<PORTA2) | (0<<PORTA1) | (0<<PORTA0);
000083 bbeb      	OUT  0x1B,R30
                 ; 0000 0037 
                 ; 0000 0038 // Port B initialization
                 ; 0000 0039 // Function: Bit7=In Bit6=In Bit5=In Bit4=In Bit3=In Bit2=In Bit1=In Bit0=In
                 ; 0000 003A DDRB=(0<<DDB7) | (0<<DDB6) | (0<<DDB5) | (0<<DDB4) | (0<<DDB3) | (0<<DDB2) | (0<<DDB1) | (0<<DDB0);
000084 bbe7      	OUT  0x17,R30
                 ; 0000 003B // State: Bit7=P Bit6=P Bit5=P Bit4=P Bit3=P Bit2=P Bit1=P Bit0=P
                 ; 0000 003C PORTB=(1<<PORTB7) | (1<<PORTB6) | (1<<PORTB5) | (1<<PORTB4) | (1<<PORTB3) | (1<<PORTB2) | (1<<PORTB1) | (1<<PORTB0);
000085 efef      	LDI  R30,LOW(255)
000086 bbe8      	OUT  0x18,R30
                 ; 0000 003D 
                 ; 0000 003E // Port C initialization
                 ; 0000 003F // Function: Bit7=In Bit6=In Bit5=In Bit4=In Bit3=In Bit2=In Bit1=In Bit0=In
                 ; 0000 0040 DDRC=(0<<DDC7) | (0<<DDC6) | (0<<DDC5) | (0<<DDC4) | (0<<DDC3) | (0<<DDC2) | (0<<DDC1) | (0<<DDC0);
000087 e0e0      	LDI  R30,LOW(0)
000088 bbe4      	OUT  0x14,R30
                 ; 0000 0041 // State: Bit7=T Bit6=T Bit5=T Bit4=T Bit3=T Bit2=T Bit1=T Bit0=T
                 ; 0000 0042 PORTC=(0<<PORTC7) | (0<<PORTC6) | (0<<PORTC5) | (0<<PORTC4) | (0<<PORTC3) | (0<<PORTC2) | (0<<PORTC1) | (0<<PORTC0);
000089 bbe5      	OUT  0x15,R30
                 ; 0000 0043 
                 ; 0000 0044 // Port D initialization
                 ; 0000 0045 // Function: Bit7=Out Bit6=Out Bit5=Out Bit4=Out Bit3=Out Bit2=Out Bit1=Out Bit0=Out
                 ; 0000 0046 DDRD=(1<<DDD7) | (1<<DDD6) | (1<<DDD5) | (1<<DDD4) | (1<<DDD3) | (1<<DDD2) | (1<<DDD1) | (1<<DDD0);
00008a efef      	LDI  R30,LOW(255)
00008b bbe1      	OUT  0x11,R30
                 ; 0000 0047 // State: Bit7=1 Bit6=1 Bit5=1 Bit4=1 Bit3=1 Bit2=1 Bit1=1 Bit0=1
                 ; 0000 0048 PORTD=(1<<PORTD7) | (1<<PORTD6) | (1<<PORTD5) | (1<<PORTD4) | (1<<PORTD3) | (1<<PORTD2) | (1<<PORTD1) | (1<<PORTD0);
00008c bbe2      	OUT  0x12,R30
                 ; 0000 0049 
                 ; 0000 004A // Port E initialization
                 ; 0000 004B // Function: Bit2=In Bit1=In Bit0=In
                 ; 0000 004C DDRE=(0<<DDE2) | (0<<DDE1) | (0<<DDE0);
00008d e0e0      	LDI  R30,LOW(0)
00008e b9e6      	OUT  0x6,R30
                 ; 0000 004D // State: Bit2=T Bit1=T Bit0=T
                 ; 0000 004E PORTE=(0<<PORTE2) | (0<<PORTE1) | (0<<PORTE0);
00008f b9e7      	OUT  0x7,R30
                 ; 0000 004F 
                 ; 0000 0050 // USART0 initialization
                 ; 0000 0051 // Communication Parameters: 8 Data, 1 Stop, No Parity
                 ; 0000 0052 // USART0 Receiver: Off
                 ; 0000 0053 // USART0 Transmitter: On
                 ; 0000 0054 // USART0 Mode: Asynchronous
                 ; 0000 0055 // USART0 Baud Rate: 9600
                 ; 0000 0056 UCSR0A=(0<<RXC0) | (0<<TXC0) | (0<<UDRE0) | (0<<FE0) | (0<<DOR0) | (0<<UPE0) | (0<<U2X0) | (0<<MPCM0);
000090 b9eb      	OUT  0xB,R30
                 ; 0000 0057 UCSR0B=(0<<RXCIE0) | (0<<TXCIE0) | (0<<UDRIE0) | (0<<RXEN0) | (1<<TXEN0) | (0<<UCSZ02) | (0<<RXB80) | (0<<TXB80);
000091 e0e8      	LDI  R30,LOW(8)
000092 b9ea      	OUT  0xA,R30
                 ; 0000 0058 UCSR0C=(0<<UMSEL0) | (0<<UPM01) | (0<<UPM00) | (0<<USBS0) | (1<<UCSZ01) | (1<<UCSZ00) | (0<<UCPOL0);
000093 e0e6      	LDI  R30,LOW(6)
000094 bde0      	OUT  0x20,R30
                 ; 0000 0059 UBRR0H=0x00;
000095 e0e0      	LDI  R30,LOW(0)
000096 bde0      	OUT  0x20,R30
                 ; 0000 005A UBRR0L=0x4D;
000097 e4ed      	LDI  R30,LOW(77)
000098 b9e9      	OUT  0x9,R30
                 ; 0000 005B 
                 ; 0000 005C i=0;
000099 2444      	CLR  R4
00009a 2455      	CLR  R5
                 ; 0000 005D while (1)
                 _0x3:
                 ; 0000 005E       {
                 ; 0000 005F       // Place your code here
                 ; 0000 0060       i++;              //Increment (Count Up)
00009b 01f2      	MOVW R30,R4
00009c 9631      	ADIW R30,1
00009d 012f      	MOVW R4,R30
                 ; 0000 0061       printf("%d\n",i); //Send to serial
                +
00009e e8e2     +LDI R30 , LOW ( 2 * _0x0 + ( 0 ) )
00009f e0f0     +LDI R31 , HIGH ( 2 * _0x0 + ( 0 ) )
                 	__POINTW1FN _0x0,0
0000a0 93fa      	ST   -Y,R31
0000a1 93ea      	ST   -Y,R30
0000a2 01f2      	MOVW R30,R4
0000a3 940e 026e 	CALL __CWD1
0000a5 940e 027b 	CALL __PUTPARD1
0000a7 e084      	LDI  R24,4
0000a8 d150      	RCALL _printf
0000a9 9626      	ADIW R28,6
                 ; 0000 0062       delay_ms(100);    //delay count
0000aa e6a4      	LDI  R26,LOW(100)
0000ab e0b0      	LDI  R27,0
0000ac 940e 025c 	CALL _delay_ms
                 ; 0000 0063       }
0000ae cfec      	RJMP _0x3
                 ; 0000 0064 }
                 _0x6:
0000af 0000      	NOP
0000b0 cffe      	RJMP _0x6
                 ; .FEND
                 ;
                 	#ifndef __SLEEP_DEFINED__
                 	#endif
                 
                 	.CSEG
                 _putchar:
                 ; .FSTART _putchar
0000b1 93aa      	ST   -Y,R26
                 putchar0:
0000b2 9b5d           sbis usr,udre
0000b3 cffe           rjmp putchar0
0000b4 81e8           ld   r30,y
0000b5 b9ec           out  udr,r30
0000b6 9621      	ADIW R28,1
0000b7 9508      	RET
                 ; .FEND
                 _put_usart_G100:
                 ; .FSTART _put_usart_G100
0000b8 93ba      	ST   -Y,R27
0000b9 93aa      	ST   -Y,R26
0000ba 81aa      	LDD  R26,Y+2
0000bb dff5      	RCALL _putchar
0000bc 81a8      	LD   R26,Y
0000bd 81b9      	LDD  R27,Y+1
0000be 91ed      	LD   R30,X+
0000bf 91fd      	LD   R31,X+
0000c0 9631      	ADIW R30,1
0000c1 93fe      	ST   -X,R31
0000c2 93ee      	ST   -X,R30
0000c3 9623      	ADIW R28,3
0000c4 9508      	RET
                 ; .FEND
                 __print_G100:
                 ; .FSTART __print_G100
0000c5 93ba      	ST   -Y,R27
0000c6 93aa      	ST   -Y,R26
0000c7 9726      	SBIW R28,6
0000c8 940e 0280 	CALL __SAVELOCR6
0000ca e010      	LDI  R17,0
0000cb 85ac      	LDD  R26,Y+12
0000cc 85bd      	LDD  R27,Y+12+1
0000cd e0e0      	LDI  R30,LOW(0)
0000ce e0f0      	LDI  R31,HIGH(0)
0000cf 93ed      	ST   X+,R30
0000d0 93fc      	ST   X,R31
                 _0x2000016:
0000d1 89ea      	LDD  R30,Y+18
0000d2 89fb      	LDD  R31,Y+18+1
0000d3 9631      	ADIW R30,1
0000d4 8bea      	STD  Y+18,R30
0000d5 8bfb      	STD  Y+18+1,R31
0000d6 9731      	SBIW R30,1
0000d7 91e4      	LPM  R30,Z
0000d8 2f2e      	MOV  R18,R30
0000d9 30e0      	CPI  R30,0
0000da f409      	BRNE PC+2
0000db c115      	RJMP _0x2000018
0000dc 2fe1      	MOV  R30,R17
0000dd 30e0      	CPI  R30,0
0000de f439      	BRNE _0x200001C
0000df 3225      	CPI  R18,37
0000e0 f411      	BRNE _0x200001D
0000e1 e011      	LDI  R17,LOW(1)
0000e2 c002      	RJMP _0x200001E
                 _0x200001D:
0000e3 940e 0237 	CALL SUBOPT_0x0
                 _0x200001E:
0000e5 c10a      	RJMP _0x200001B
                 _0x200001C:
0000e6 30e1      	CPI  R30,LOW(0x1)
0000e7 f4a9      	BRNE _0x200001F
0000e8 3225      	CPI  R18,37
0000e9 f419      	BRNE _0x2000020
0000ea 940e 0237 	CALL SUBOPT_0x0
0000ec c102      	RJMP _0x20000CC
                 _0x2000020:
0000ed e012      	LDI  R17,LOW(2)
0000ee e040      	LDI  R20,LOW(0)
0000ef e000      	LDI  R16,LOW(0)
0000f0 322d      	CPI  R18,45
0000f1 f411      	BRNE _0x2000021
0000f2 e001      	LDI  R16,LOW(1)
0000f3 c0fc      	RJMP _0x200001B
                 _0x2000021:
0000f4 322b      	CPI  R18,43
0000f5 f411      	BRNE _0x2000022
0000f6 e24b      	LDI  R20,LOW(43)
0000f7 c0f8      	RJMP _0x200001B
                 _0x2000022:
0000f8 3220      	CPI  R18,32
0000f9 f411      	BRNE _0x2000023
0000fa e240      	LDI  R20,LOW(32)
0000fb c0f4      	RJMP _0x200001B
                 _0x2000023:
0000fc c002      	RJMP _0x2000024
                 _0x200001F:
0000fd 30e2      	CPI  R30,LOW(0x2)
0000fe f439      	BRNE _0x2000025
                 _0x2000024:
0000ff e050      	LDI  R21,LOW(0)
000100 e013      	LDI  R17,LOW(3)
000101 3320      	CPI  R18,48
000102 f411      	BRNE _0x2000026
000103 6800      	ORI  R16,LOW(128)
000104 c0eb      	RJMP _0x200001B
                 _0x2000026:
000105 c003      	RJMP _0x2000027
                 _0x2000025:
000106 30e3      	CPI  R30,LOW(0x3)
000107 f009      	BREQ PC+2
000108 c0e7      	RJMP _0x200001B
                 _0x2000027:
000109 3320      	CPI  R18,48
00010a f010      	BRLO _0x200002A
00010b 332a      	CPI  R18,58
00010c f008      	BRLO _0x200002B
                 _0x200002A:
00010d c007      	RJMP _0x2000029
                 _0x200002B:
00010e e0aa      	LDI  R26,LOW(10)
00010f 9f5a      	MUL  R21,R26
000110 2d50      	MOV  R21,R0
000111 2fe2      	MOV  R30,R18
000112 53e0      	SUBI R30,LOW(48)
000113 0f5e      	ADD  R21,R30
000114 c0db      	RJMP _0x200001B
                 _0x2000029:
000115 2fe2      	MOV  R30,R18
000116 36e3      	CPI  R30,LOW(0x63)
000117 f449      	BRNE _0x200002F
000118 940e 023e 	CALL SUBOPT_0x1
00011a 89e8      	LDD  R30,Y+16
00011b 89f9      	LDD  R31,Y+16+1
00011c 81a4      	LDD  R26,Z+4
00011d 93aa      	ST   -Y,R26
00011e 940e 0244 	CALL SUBOPT_0x2
000120 c0ce      	RJMP _0x2000030
                 _0x200002F:
000121 37e3      	CPI  R30,LOW(0x73)
000122 f441      	BRNE _0x2000032
000123 940e 023e 	CALL SUBOPT_0x1
000125 940e 024a 	CALL SUBOPT_0x3
000127 940e 021e 	CALL _strlen
000129 2f1e      	MOV  R17,R30
00012a c00a      	RJMP _0x2000033
                 _0x2000032:
00012b 37e0      	CPI  R30,LOW(0x70)
00012c f461      	BRNE _0x2000035
00012d 940e 023e 	CALL SUBOPT_0x1
00012f 940e 024a 	CALL SUBOPT_0x3
000131 940e 022a 	CALL _strlenf
000133 2f1e      	MOV  R17,R30
000134 6008      	ORI  R16,LOW(8)
                 _0x2000033:
000135 6002      	ORI  R16,LOW(2)
000136 770f      	ANDI R16,LOW(127)
000137 e030      	LDI  R19,LOW(0)
000138 c034      	RJMP _0x2000036
                 _0x2000035:
000139 36e4      	CPI  R30,LOW(0x64)
00013a f011      	BREQ _0x2000039
00013b 36e9      	CPI  R30,LOW(0x69)
00013c f411      	BRNE _0x200003A
                 _0x2000039:
00013d 6004      	ORI  R16,LOW(4)
00013e c002      	RJMP _0x200003B
                 _0x200003A:
00013f 37e5      	CPI  R30,LOW(0x75)
000140 f431      	BRNE _0x200003C
                 _0x200003B:
000141 e7e0      	LDI  R30,LOW(_tbl10_G100*2)
000142 e0f0      	LDI  R31,HIGH(_tbl10_G100*2)
000143 83ee      	STD  Y+6,R30
000144 83ff      	STD  Y+6+1,R31
000145 e015      	LDI  R17,LOW(5)
000146 c00c      	RJMP _0x200003D
                 _0x200003C:
000147 35e8      	CPI  R30,LOW(0x58)
000148 f411      	BRNE _0x200003F
000149 6008      	ORI  R16,LOW(8)
00014a c003      	RJMP _0x2000040
                 _0x200003F:
00014b 37e8      	CPI  R30,LOW(0x78)
00014c f009      	BREQ PC+2
00014d c0a1      	RJMP _0x2000071
                 _0x2000040:
00014e e7ea      	LDI  R30,LOW(_tbl16_G100*2)
00014f e0f0      	LDI  R31,HIGH(_tbl16_G100*2)
000150 83ee      	STD  Y+6,R30
000151 83ff      	STD  Y+6+1,R31
000152 e014      	LDI  R17,LOW(4)
                 _0x200003D:
000153 ff02      	SBRS R16,2
000154 c014      	RJMP _0x2000042
000155 940e 023e 	CALL SUBOPT_0x1
000157 940e 0254 	CALL SUBOPT_0x4
000159 85ab      	LDD  R26,Y+11
00015a 23aa      	TST  R26
00015b f43a      	BRPL _0x2000043
00015c 85ea      	LDD  R30,Y+10
00015d 85fb      	LDD  R31,Y+10+1
00015e 940e 026a 	CALL __ANEGW1
000160 87ea      	STD  Y+10,R30
000161 87fb      	STD  Y+10+1,R31
000162 e24d      	LDI  R20,LOW(45)
                 _0x2000043:
000163 3040      	CPI  R20,0
000164 f011      	BREQ _0x2000044
000165 5f1f      	SUBI R17,-LOW(1)
000166 c001      	RJMP _0x2000045
                 _0x2000044:
000167 7f0b      	ANDI R16,LOW(251)
                 _0x2000045:
000168 c004      	RJMP _0x2000046
                 _0x2000042:
000169 940e 023e 	CALL SUBOPT_0x1
00016b 940e 0254 	CALL SUBOPT_0x4
                 _0x2000046:
                 _0x2000036:
00016d fd00      	SBRC R16,0
00016e c011      	RJMP _0x2000047
                 _0x2000048:
00016f 1715      	CP   R17,R21
000170 f478      	BRSH _0x200004A
000171 ff07      	SBRS R16,7
000172 c008      	RJMP _0x200004B
000173 ff02      	SBRS R16,2
000174 c004      	RJMP _0x200004C
000175 7f0b      	ANDI R16,LOW(251)
000176 2f24      	MOV  R18,R20
000177 5011      	SUBI R17,LOW(1)
000178 c001      	RJMP _0x200004D
                 _0x200004C:
000179 e320      	LDI  R18,LOW(48)
                 _0x200004D:
00017a c001      	RJMP _0x200004E
                 _0x200004B:
00017b e220      	LDI  R18,LOW(32)
                 _0x200004E:
00017c 940e 0237 	CALL SUBOPT_0x0
00017e 5051      	SUBI R21,LOW(1)
00017f cfef      	RJMP _0x2000048
                 _0x200004A:
                 _0x2000047:
000180 2f31      	MOV  R19,R17
000181 ff01      	SBRS R16,1
000182 c017      	RJMP _0x200004F
                 _0x2000050:
000183 3030      	CPI  R19,0
000184 f0a1      	BREQ _0x2000052
000185 ff03      	SBRS R16,3
000186 c006      	RJMP _0x2000053
000187 81ee      	LDD  R30,Y+6
000188 81ff      	LDD  R31,Y+6+1
000189 9125      	LPM  R18,Z+
00018a 83ee      	STD  Y+6,R30
00018b 83ff      	STD  Y+6+1,R31
00018c c005      	RJMP _0x2000054
                 _0x2000053:
00018d 81ae      	LDD  R26,Y+6
00018e 81bf      	LDD  R27,Y+6+1
00018f 912d      	LD   R18,X+
000190 83ae      	STD  Y+6,R26
000191 83bf      	STD  Y+6+1,R27
                 _0x2000054:
000192 940e 0237 	CALL SUBOPT_0x0
000194 3050      	CPI  R21,0
000195 f009      	BREQ _0x2000055
000196 5051      	SUBI R21,LOW(1)
                 _0x2000055:
000197 5031      	SUBI R19,LOW(1)
000198 cfea      	RJMP _0x2000050
                 _0x2000052:
000199 c04b      	RJMP _0x2000056
                 _0x200004F:
                 _0x2000058:
00019a e320      	LDI  R18,LOW(48)
00019b 81ee      	LDD  R30,Y+6
00019c 81ff      	LDD  R31,Y+6+1
00019d 940e 0277 	CALL __GETW1PF
00019f 87e8      	STD  Y+8,R30
0001a0 87f9      	STD  Y+8+1,R31
0001a1 81ee      	LDD  R30,Y+6
0001a2 81ff      	LDD  R31,Y+6+1
0001a3 9632      	ADIW R30,2
0001a4 83ee      	STD  Y+6,R30
0001a5 83ff      	STD  Y+6+1,R31
                 _0x200005A:
0001a6 85e8      	LDD  R30,Y+8
0001a7 85f9      	LDD  R31,Y+8+1
0001a8 85aa      	LDD  R26,Y+10
0001a9 85bb      	LDD  R27,Y+10+1
0001aa 17ae      	CP   R26,R30
0001ab 07bf      	CPC  R27,R31
0001ac f050      	BRLO _0x200005C
0001ad 5f2f      	SUBI R18,-LOW(1)
0001ae 85a8      	LDD  R26,Y+8
0001af 85b9      	LDD  R27,Y+8+1
0001b0 85ea      	LDD  R30,Y+10
0001b1 85fb      	LDD  R31,Y+10+1
0001b2 1bea      	SUB  R30,R26
0001b3 0bfb      	SBC  R31,R27
0001b4 87ea      	STD  Y+10,R30
0001b5 87fb      	STD  Y+10+1,R31
0001b6 cfef      	RJMP _0x200005A
                 _0x200005C:
0001b7 332a      	CPI  R18,58
0001b8 f028      	BRLO _0x200005D
0001b9 ff03      	SBRS R16,3
0001ba c002      	RJMP _0x200005E
0001bb 5f29      	SUBI R18,-LOW(7)
0001bc c001      	RJMP _0x200005F
                 _0x200005E:
0001bd 5d29      	SUBI R18,-LOW(39)
                 _0x200005F:
                 _0x200005D:
0001be fd04      	SBRC R16,4
0001bf c01a      	RJMP _0x2000061
0001c0 3321      	CPI  R18,49
0001c1 f420      	BRSH _0x2000063
0001c2 85a8      	LDD  R26,Y+8
0001c3 85b9      	LDD  R27,Y+8+1
0001c4 9711      	SBIW R26,1
0001c5 f409      	BRNE _0x2000062
                 _0x2000063:
0001c6 c009      	RJMP _0x20000CD
                 _0x2000062:
0001c7 1753      	CP   R21,R19
0001c8 f010      	BRLO _0x2000067
0001c9 ff00      	SBRS R16,0
0001ca c001      	RJMP _0x2000068
                 _0x2000067:
0001cb c013      	RJMP _0x2000066
                 _0x2000068:
0001cc e220      	LDI  R18,LOW(32)
0001cd ff07      	SBRS R16,7
0001ce c00b      	RJMP _0x2000069
0001cf e320      	LDI  R18,LOW(48)
                 _0x20000CD:
0001d0 6100      	ORI  R16,LOW(16)
0001d1 ff02      	SBRS R16,2
0001d2 c007      	RJMP _0x200006A
0001d3 7f0b      	ANDI R16,LOW(251)
0001d4 934a      	ST   -Y,R20
0001d5 940e 0244 	CALL SUBOPT_0x2
0001d7 3050      	CPI  R21,0
0001d8 f009      	BREQ _0x200006B
0001d9 5051      	SUBI R21,LOW(1)
                 _0x200006B:
                 _0x200006A:
                 _0x2000069:
                 _0x2000061:
0001da 940e 0237 	CALL SUBOPT_0x0
0001dc 3050      	CPI  R21,0
0001dd f009      	BREQ _0x200006C
0001de 5051      	SUBI R21,LOW(1)
                 _0x200006C:
                 _0x2000066:
0001df 5031      	SUBI R19,LOW(1)
0001e0 85a8      	LDD  R26,Y+8
0001e1 85b9      	LDD  R27,Y+8+1
0001e2 9712      	SBIW R26,2
0001e3 f008      	BRLO _0x2000059
0001e4 cfb5      	RJMP _0x2000058
                 _0x2000059:
                 _0x2000056:
0001e5 ff00      	SBRS R16,0
0001e6 c008      	RJMP _0x200006D
                 _0x200006E:
0001e7 3050      	CPI  R21,0
0001e8 f031      	BREQ _0x2000070
0001e9 5051      	SUBI R21,LOW(1)
0001ea e2e0      	LDI  R30,LOW(32)
0001eb 93ea      	ST   -Y,R30
0001ec 940e 0244 	CALL SUBOPT_0x2
0001ee cff8      	RJMP _0x200006E
                 _0x2000070:
                 _0x200006D:
                 _0x2000071:
                 _0x2000030:
                 _0x20000CC:
0001ef e010      	LDI  R17,LOW(0)
                 _0x200001B:
0001f0 cee0      	RJMP _0x2000016
                 _0x2000018:
0001f1 85ac      	LDD  R26,Y+12
0001f2 85bd      	LDD  R27,Y+12+1
0001f3 940e 0273 	CALL __GETW1P
0001f5 940e 0287 	CALL __LOADLOCR6
0001f7 9664      	ADIW R28,20
0001f8 9508      	RET
                 ; .FEND
                 _printf:
                 ; .FSTART _printf
0001f9 92ff      	PUSH R15
0001fa 2ef8      	MOV  R15,R24
0001fb 9726      	SBIW R28,6
0001fc 931a      	ST   -Y,R17
0001fd 930a      	ST   -Y,R16
0001fe 01de      	MOVW R26,R28
0001ff 9614      	ADIW R26,4
000200 940e 0266 	CALL __ADDW2R15
000202 018d      	MOVW R16,R26
000203 e0e0      	LDI  R30,LOW(0)
000204 83ec      	STD  Y+4,R30
000205 83ed      	STD  Y+4+1,R30
000206 83ee      	STD  Y+6,R30
000207 83ef      	STD  Y+6+1,R30
000208 01de      	MOVW R26,R28
000209 9618      	ADIW R26,8
00020a 940e 0266 	CALL __ADDW2R15
00020c 940e 0273 	CALL __GETW1P
00020e 93fa      	ST   -Y,R31
00020f 93ea      	ST   -Y,R30
000210 931a      	ST   -Y,R17
000211 930a      	ST   -Y,R16
000212 ebe8      	LDI  R30,LOW(_put_usart_G100)
000213 e0f0      	LDI  R31,HIGH(_put_usart_G100)
000214 93fa      	ST   -Y,R31
000215 93ea      	ST   -Y,R30
000216 01de      	MOVW R26,R28
000217 9618      	ADIW R26,8
000218 deac      	RCALL __print_G100
000219 8119      	LDD  R17,Y+1
00021a 8108      	LDD  R16,Y+0
00021b 9628      	ADIW R28,8
00021c 90ff      	POP  R15
00021d 9508      	RET
                 ; .FEND
                 
                 	.CSEG
                 
                 	.DSEG
                 
                 	.CSEG
                 
                 	.CSEG
                 _strlen:
                 ; .FSTART _strlen
00021e 93ba      	ST   -Y,R27
00021f 93aa      	ST   -Y,R26
000220 91a9          ld   r26,y+
000221 91b9          ld   r27,y+
000222 27ee          clr  r30
000223 27ff          clr  r31
                 strlen0:
000224 916d          ld   r22,x+
000225 2366          tst  r22
000226 f011          breq strlen1
000227 9631          adiw r30,1
000228 cffb          rjmp strlen0
                 strlen1:
000229 9508          ret
                 ; .FEND
                 _strlenf:
                 ; .FSTART _strlenf
00022a 93ba      	ST   -Y,R27
00022b 93aa      	ST   -Y,R26
00022c 27aa          clr  r26
00022d 27bb          clr  r27
00022e 91e9          ld   r30,y+
00022f 91f9          ld   r31,y+
                 strlenf0:
000230 9005      	lpm  r0,z+
000231 2000          tst  r0
000232 f011          breq strlenf1
000233 9611          adiw r26,1
000234 cffb          rjmp strlenf0
                 strlenf1:
000235 01fd          movw r30,r26
000236 9508          ret
                 ; .FEND
                 
                 	.CSEG
                 
                 	.CSEG
                 
                 	.DSEG
                 __seed_G101:
000200           	.BYTE 0x4
                 
                 	.CSEG
                 ;OPTIMIZER ADDED SUBROUTINE, CALLED 5 TIMES, CODE SIZE REDUCTION:13 WORDS
                 SUBOPT_0x0:
000237 932a      	ST   -Y,R18
000238 85ad      	LDD  R26,Y+13
000239 85be      	LDD  R27,Y+13+1
00023a 85ef      	LDD  R30,Y+15
00023b 89f8      	LDD  R31,Y+15+1
00023c 9509      	ICALL
00023d 9508      	RET
                 
                 ;OPTIMIZER ADDED SUBROUTINE, CALLED 5 TIMES, CODE SIZE REDUCTION:9 WORDS
                 SUBOPT_0x1:
00023e 89e8      	LDD  R30,Y+16
00023f 89f9      	LDD  R31,Y+16+1
000240 9734      	SBIW R30,4
000241 8be8      	STD  Y+16,R30
000242 8bf9      	STD  Y+16+1,R31
000243 9508      	RET
                 
                 ;OPTIMIZER ADDED SUBROUTINE, CALLED 3 TIMES, CODE SIZE REDUCTION:3 WORDS
                 SUBOPT_0x2:
000244 85ad      	LDD  R26,Y+13
000245 85be      	LDD  R27,Y+13+1
000246 85ef      	LDD  R30,Y+15
000247 89f8      	LDD  R31,Y+15+1
000248 9509      	ICALL
000249 9508      	RET
                 
                 ;OPTIMIZER ADDED SUBROUTINE, CALLED 2 TIMES, CODE SIZE REDUCTION:4 WORDS
                 SUBOPT_0x3:
00024a 89a8      	LDD  R26,Y+16
00024b 89b9      	LDD  R27,Y+16+1
00024c 9614      	ADIW R26,4
00024d 940e 0273 	CALL __GETW1P
00024f 83ee      	STD  Y+6,R30
000250 83ff      	STD  Y+6+1,R31
000251 81ae      	LDD  R26,Y+6
000252 81bf      	LDD  R27,Y+6+1
000253 9508      	RET
                 
                 ;OPTIMIZER ADDED SUBROUTINE, CALLED 2 TIMES, CODE SIZE REDUCTION:2 WORDS
                 SUBOPT_0x4:
000254 89a8      	LDD  R26,Y+16
000255 89b9      	LDD  R27,Y+16+1
000256 9614      	ADIW R26,4
000257 940e 0273 	CALL __GETW1P
000259 87ea      	STD  Y+10,R30
00025a 87fb      	STD  Y+10+1,R31
00025b 9508      	RET
                 
                 
                 	.CSEG
                 _delay_ms:
00025c 9610      	adiw r26,0
00025d f039      	breq __delay_ms1
                 __delay_ms0:
                +
00025e eb88     +LDI R24 , LOW ( 0xBB8 )
00025f e09b     +LDI R25 , HIGH ( 0xBB8 )
                +__DELAY_USW_LOOP :
000260 9701     +SBIW R24 , 1
000261 f7f1     +BRNE __DELAY_USW_LOOP
                 	__DELAY_USW 0xBB8
000262 95a8      	wdr
000263 9711      	sbiw r26,1
000264 f7c9      	brne __delay_ms0
                 __delay_ms1:
000265 9508      	ret
                 
                 __ADDW2R15:
000266 2400      	CLR  R0
000267 0daf      	ADD  R26,R15
000268 1db0      	ADC  R27,R0
000269 9508      	RET
                 
                 __ANEGW1:
00026a 95f1      	NEG  R31
00026b 95e1      	NEG  R30
00026c 40f0      	SBCI R31,0
00026d 9508      	RET
                 
                 __CWD1:
00026e 2f6f      	MOV  R22,R31
00026f 0f66      	ADD  R22,R22
000270 0b66      	SBC  R22,R22
000271 2f76      	MOV  R23,R22
000272 9508      	RET
                 
                 __GETW1P:
000273 91ed      	LD   R30,X+
000274 91fc      	LD   R31,X
000275 9711      	SBIW R26,1
000276 9508      	RET
                 
                 __GETW1PF:
000277 9005      	LPM  R0,Z+
000278 91f4      	LPM  R31,Z
000279 2de0      	MOV  R30,R0
00027a 9508      	RET
                 
                 __PUTPARD1:
00027b 937a      	ST   -Y,R23
00027c 936a      	ST   -Y,R22
00027d 93fa      	ST   -Y,R31
00027e 93ea      	ST   -Y,R30
00027f 9508      	RET
                 
                 __SAVELOCR6:
000280 935a      	ST   -Y,R21
                 __SAVELOCR5:
000281 934a      	ST   -Y,R20
                 __SAVELOCR4:
000282 933a      	ST   -Y,R19
                 __SAVELOCR3:
000283 932a      	ST   -Y,R18
                 __SAVELOCR2:
000284 931a      	ST   -Y,R17
000285 930a      	ST   -Y,R16
000286 9508      	RET
                 
                 __LOADLOCR6:
000287 815d      	LDD  R21,Y+5
                 __LOADLOCR5:
000288 814c      	LDD  R20,Y+4
                 __LOADLOCR4:
000289 813b      	LDD  R19,Y+3
                 __LOADLOCR3:
00028a 812a      	LDD  R18,Y+2
                 __LOADLOCR2:
00028b 8119      	LDD  R17,Y+1
00028c 8108      	LD   R16,Y
00028d 9508      	RET
                 
                 ;END OF CODE MARKER
                 __END_OF_CODE:


RESOURCE USE INFORMATION
------------------------

Notice:
The register and instruction counts are symbol table hit counts,
and hence implicitly used resources are not counted, eg, the
'lpm' instruction without operands implicitly uses r0 and z,
none of which are counted.

x,y,z are separate entities in the symbol table and are
counted separately from r26..r31 here.

.dseg memory usage only counts static data declared with .byte

ATmega162 register use summary:
r0 :  11 r1 :   1 r2 :   0 r3 :   0 r4 :   4 r5 :   1 r6 :   0 r7 :   0 
r8 :   0 r9 :   0 r10:   0 r11:   0 r12:   0 r13:   0 r14:   0 r15:   4 
r16:  30 r17:  19 r18:  27 r19:   8 r20:   9 r21:  17 r22:  11 r23:   2 
r24:  11 r25:   3 r26:  51 r27:  27 r28:  11 r29:   1 r30: 125 r31:  46 
x  :  13 y  : 124 z  :  13 
Registers used: 24 out of 35 (68.6%)

ATmega162 instruction use summary:
.lds  :   0 .lds.l:   0 .sts  :   0 .sts.l:   0 adc   :   1 add   :   3 
adiw  :  17 and   :   0 andi  :   4 asr   :   0 bclr  :   0 bld   :   0 
brbc  :   0 brbs  :   0 brcc  :   0 brcs  :   0 break :   0 breq  :  13 
brge  :   0 brhc  :   0 brhs  :   0 brid  :   0 brie  :   0 brlo  :   6 
brlt  :   0 brmi  :   0 brne  :  22 brpl  :   1 brsh  :   2 brtc  :   0 
brts  :   0 brvc  :   0 brvs  :   0 bset  :   0 bst   :   0 call  :  32 
cbi   :   0 cbr   :   0 clc   :   0 clh   :   0 cli   :   1 cln   :   0 
clr   :   9 cls   :   0 clt   :   0 clv   :   0 clz   :   0 com   :   0 
cp    :   3 cpc   :   1 cpi   :  29 cpse  :   0 dec   :   1 des   :   0 
eor   :   0 fmul  :   0 fmuls :   0 fmulsu:   0 icall :   2 ijmp  :   0 
in    :   0 inc   :   0 jmp   :  29 ld    :  13 ldd   :  57 ldi   :  61 
lds   :   0 lpm   :  14 lsl   :   0 lsr   :   0 mov   :  13 movw  :  11 
mul   :   1 muls  :   0 mulsu :   0 neg   :   2 nop   :   1 or    :   0 
ori   :   6 out   :  23 pop   :   1 push  :   1 rcall :   3 ret   :  20 
reti  :   0 rjmp  :  53 rol   :   0 ror   :   0 sbc   :   2 sbci  :   1 
sbi   :   0 sbic  :   0 sbis  :   1 sbiw  :  12 sbr   :   0 sbrc  :   2 
sbrs  :  10 sec   :   0 seh   :   0 sei   :   0 sen   :   0 ser   :   0 
ses   :   0 set   :   0 sev   :   0 sez   :   0 sleep :   0 spm   :   0 
st    :  40 std   :  28 sts   :   2 sub   :   1 subi  :  13 swap  :   0 
tst   :   3 wdr   :   1 
Instructions used: 47 out of 116 (40.5%)

ATmega162 memory use summary [bytes]:
Segment   Begin    End      Code   Data   Used    Size   Use%
---------------------------------------------------------------
[.cseg] 0x000000 0x00051c   1266     42   1308   16384   8.0%
[.dseg] 0x000100 0x000204      0      4      4    1024   0.4%
[.eseg] 0x000000 0x000000      0      0      0     512   0.0%

Assembly complete, 0 errors, 4 warnings
