RAM Allocation [bytes]
Variable                                                                          Address   Size
------------------------------------------------------------------------------------------------
_seed                                                                             0x0200       4

EEPROM Allocation [bytes]
Variable                                                                          Address   Size
------------------------------------------------------------------------------------------------

Register Allocation
Variable                                                                          Register  Size
------------------------------------------------------------------------------------------------
i                                                                                 R4,R5        2

FLASH Allocation [words]
Function                                                                          Address   Size
------------------------------------------------------------------------------------------------
main                                                                              0x0007C     53
putchar                                                                           0x000B1      7
put_usart_G100                                                                    0x000B8     13
_print_G100                                                                       0x000C5    308
printf                                                                            0x001F9     37
strlen                                                                            0x0021E     12
strlenf                                                                           0x0022A     13
